******************************************************************************
                  MSP430 Linker PC v21.6.0                     
******************************************************************************
>> Linked Tue Jun 14 18:06:31 2022

OUTPUT FILE NAME:   <prototyping.c.out>
ENTRY POINT SYMBOL: "_c_int00_noargs"  address: 0000f5f8


MEMORY CONFIGURATION

         name            origin    length      used     unused   attr    fill
----------------------  --------  ---------  --------  --------  ----  --------
  SFR                   00000000   00000010  00000000  00000010  RWIX
  PERIPHERALS_8BIT      00000010   000000f0  00000000  000000f0  RWIX
  PERIPHERALS_16BIT     00000100   00000100  00000000  00000100  RWIX
  RAM                   00000200   00000100  00000070  00000090  RWIX
  INFOD                 00001000   00000040  00000000  00000040  RWIX
  INFOC                 00001040   00000040  00000000  00000040  RWIX
  INFOB                 00001080   00000040  00000000  00000040  RWIX
  INFOA                 000010c0   00000040  00000000  00000040  RWIX
  FLASH                 0000f000   00000fe0  00000742  0000089e  RWIX
  INT00                 0000ffe0   00000002  00000000  00000002  RWIX
  INT01                 0000ffe2   00000002  00000000  00000002  RWIX
  INT02                 0000ffe4   00000002  00000002  00000000  RWIX
  INT03                 0000ffe6   00000002  00000002  00000000  RWIX
  INT04                 0000ffe8   00000002  00000002  00000000  RWIX
  INT05                 0000ffea   00000002  00000002  00000000  RWIX
  INT06                 0000ffec   00000002  00000000  00000002  RWIX
  INT07                 0000ffee   00000002  00000000  00000002  RWIX
  INT08                 0000fff0   00000002  00000002  00000000  RWIX
  INT09                 0000fff2   00000002  00000002  00000000  RWIX
  INT10                 0000fff4   00000002  00000002  00000000  RWIX
  INT11                 0000fff6   00000002  00000000  00000002  RWIX
  INT12                 0000fff8   00000002  00000000  00000002  RWIX
  INT13                 0000fffa   00000002  00000000  00000002  RWIX
  INT14                 0000fffc   00000002  00000002  00000000  RWIX
  RESET                 0000fffe   00000002  00000002  00000000  RWIX


SECTION ALLOCATION MAP

 output                                  attributes/
section   page    origin      length       input sections
--------  ----  ----------  ----------   ----------------
.data      0    00000200    0000001a     UNINITIALIZED
                  00000200    0000000a     i2c_lib.obj (.data)
                  0000020a    00000008     i2c_lib.obj (.data:ui8pIncoming_Buffer)
                  00000212    00000008     i2c_lib.obj (.data:ui8pOutgoing_Buffer)

.bss       0    0000021a    00000006     UNINITIALIZED
                  0000021a    00000002     (.common:Bytecount)
                  0000021c    00000002     (.common:command)
                  0000021e    00000001     (.common:REG_ADDRESS)
                  0000021f    00000001     (.common:resp_var)

.stack     0    000002b0    00000050     UNINITIALIZED
                  000002b0    00000002     rts430_eabi.lib : boot.c.obj (.stack)
                  000002b2    0000004e     --HOLE--

.text      0    0000f000    00000726     
                  0000f000    00000220     i2c_lib.obj (.text:USI_TXRX)
                  0000f220    000000ba     main.obj (.text:main)
                  0000f2da    00000092     i2c_lib.obj (.text:I2C_Slave_ProcessCMD)
                  0000f36c    0000007c     rts430_eabi.lib : copy_decompress_lzss.c.obj (.text:decompress:lzss:__TI_decompress_lzss)
                  0000f3e8    0000006e     i2c_lib.obj (.text:ReadyToTransmitData)
                  0000f456    0000004c     rts430_eabi.lib : lsr16.asm.obj (.text)
                  0000f4a2    00000042                     : autoinit.c.obj (.text:__TI_auto_init_nobinit_nopinit:__TI_auto_init_nobinit_nopinit)
                  0000f4e4    0000003e     i2c_lib.obj (.text:Setup_USI_Slave)
                  0000f522    0000003e     rts430_eabi.lib : lsl32.asm.obj (.text:l_lsl_const)
                  0000f560    0000002c                     : lsl16.asm.obj (.text)
                  0000f58c    00000028     i2c_lib.obj (.text:TX_Data)
                  0000f5b4    00000024     i2c_lib.obj (.text:get_timer_value)
                  0000f5d8    00000020     utils.obj (.text:ConvertUi8pToUi32)
                  0000f5f8    0000001c     rts430_eabi.lib : boot.c.obj (.text:_c_int00_noargs)
                  0000f614    0000001a     utils.obj (.text:CopyUi32ToArray)
                  0000f62e    00000018     i2c_lib.obj (.text:set_i2c_resp_int)
                  0000f646    00000018     i2c_lib.obj (.text:set_i2c_resp_ui32)
                  0000f65e    00000014     rts430_eabi.lib : copy_zero_init.c.obj (.text:decompress:ZI:__TI_zero_init_nomemset:__TI_zero_init_nomemset)
                  0000f672    00000014                     : memset.c.obj (.text:memset)
                  0000f686    00000012                     : copy_decompress_none.c.obj (.text:decompress:none:__TI_decompress_none)
                  0000f698    00000012                     : memcpy.c.obj (.text:memcpy)
                  0000f6aa    00000010     utils.obj (.text:CopyInt16Array)
                  0000f6ba    00000010     i2c_lib.obj (.text:Reg_RX)
                  0000f6ca    00000010     rts430_eabi.lib : epilog.asm.obj (.text)
                  0000f6da    0000000e     i2c_lib.obj (.text:Data_RX)
                  0000f6e8    0000000e     i2c_lib.obj (.text:sleep_instruction)
                  0000f6f6    0000000a     main.obj (.text:get_sleep_time_ref)
                  0000f700    00000008     rts430_eabi.lib : isr_trap.asm.obj (.text:_isr:__TI_ISR_TRAP)
                  0000f708    00000006                     : exit.c.obj (.text:abort)
                  0000f70e    00000006     i2c_lib.obj (.text:finished_acting_on_received)
                  0000f714    00000006     i2c_lib.obj (.text:get_i2c_cmd)
                  0000f71a    00000006     i2c_lib.obj (.text:get_i2c_read_cmd)
                  0000f720    00000004     rts430_eabi.lib : pre_init.c.obj (.text:_system_pre_init)
                  0000f724    00000002                     : startup.c.obj (.text:_system_post_cinit)

.cinit     0    0000f726    0000001c     
                  0000f726    00000009     (.cinit..data.load) [load image, compression = lzss]
                  0000f72f    00000001     --HOLE-- [fill = 0]
                  0000f730    00000006     (__TI_handler_table)
                  0000f736    00000004     (.cinit..bss.load) [load image, compression = zero_init]
                  0000f73a    00000008     (__TI_cinit_table)

.binit     0    0000f000    00000000     

.init_array 
*          0    0000f000    00000000     UNINITIALIZED

PORT1      0    0000ffe4    00000002     
                  0000ffe4    00000002     rts430_eabi.lib : int02.asm.obj (.int02)

PORT2      0    0000ffe6    00000002     
                  0000ffe6    00000002     rts430_eabi.lib : int03.asm.obj (.int03)

USI        0    0000ffe8    00000002     
                  0000ffe8    00000002     i2c_lib.obj (.int04)

ADC10      0    0000ffea    00000002     
                  0000ffea    00000002     rts430_eabi.lib : int05.asm.obj (.int05)

TIMER0_A1 
*          0    0000fff0    00000002     
                  0000fff0    00000002     rts430_eabi.lib : int08.asm.obj (.int08)

TIMER0_A0 
*          0    0000fff2    00000002     
                  0000fff2    00000002     rts430_eabi.lib : int09.asm.obj (.int09)

WDT        0    0000fff4    00000002     
                  0000fff4    00000002     rts430_eabi.lib : int10.asm.obj (.int10)

NMI        0    0000fffc    00000002     
                  0000fffc    00000002     rts430_eabi.lib : int14.asm.obj (.int14)

.reset     0    0000fffe    00000002     
                  0000fffe    00000002     rts430_eabi.lib : boot.c.obj (.reset)

MODULE SUMMARY

       Module                       code   ro data   rw data
       ------                       ----   -------   -------
    .\
       i2c_lib.obj                  1048   2         32     
       main.obj                     196    0         0      
       utils.obj                    74     0         0      
    +--+----------------------------+------+---------+---------+
       Total:                       1318   2         32     
                                                            
    C:\ti\ccs1120\ccs\tools\compiler\ti-cgt-msp430_21.6.0.LTS\lib\rts430_eabi.lib
       copy_decompress_lzss.c.obj   124    0         0      
       lsr16.asm.obj                76     0         0      
       autoinit.c.obj               66     0         0      
       lsl32.asm.obj                62     0         0      
       lsl16.asm.obj                44     0         0      
       boot.c.obj                   28     2         0      
       copy_zero_init.c.obj         20     0         0      
       memset.c.obj                 20     0         0      
       copy_decompress_none.c.obj   18     0         0      
       memcpy.c.obj                 18     0         0      
       epilog.asm.obj               16     0         0      
       isr_trap.asm.obj             8      0         0      
       exit.c.obj                   6      0         0      
       pre_init.c.obj               4      0         0      
       int02.asm.obj                0      2         0      
       int03.asm.obj                0      2         0      
       int05.asm.obj                0      2         0      
       int08.asm.obj                0      2         0      
       int09.asm.obj                0      2         0      
       int10.asm.obj                0      2         0      
       int14.asm.obj                0      2         0      
       startup.c.obj                2      0         0      
    +--+----------------------------+------+---------+---------+
       Total:                       512    16        0      
                                                            
       Stack:                       0      0         80     
       Linker Generated:            0      27        0      
    +--+----------------------------+------+---------+---------+
       Grand Total:                 1830   45        112    


LINKER GENERATED COPY TABLES

__TI_cinit_table @ 0000f73a records: 2, size/record: 4, table size: 8
	.data: load addr=0000f726, load size=00000009 bytes, run addr=00000200, run size=0000001a bytes, compression=lzss
	.bss: load addr=0000f736, load size=00000004 bytes, run addr=0000021a, run size=00000006 bytes, compression=zero_init


LINKER GENERATED HANDLER TABLE

__TI_handler_table @ 0000f730 records: 3, size/record: 2, table size: 6
	index: 0, handler: __TI_zero_init
	index: 1, handler: __TI_decompress_lzss
	index: 2, handler: __TI_decompress_none


GLOBAL SYMBOLS: SORTED ALPHABETICALLY BY Name 

address   name                          
-------   ----                          
0000004a  ADC10AE0                      
000001b0  ADC10CTL0                     
000001b2  ADC10CTL1                     
00000048  ADC10DTC0                     
00000049  ADC10DTC1                     
000001b4  ADC10MEM                      
000001bc  ADC10SA                       
00000057  BCSCTL1                       
00000058  BCSCTL2                       
00000053  BCSCTL3                       
0000021a  Bytecount                     
0000f708  C$$EXIT                       
000010fb  CALBC1_12MHZ                  
000010f9  CALBC1_16MHZ                  
000010ff  CALBC1_1MHZ                   
000010fd  CALBC1_8MHZ                   
000010fa  CALDCO_12MHZ                  
000010f8  CALDCO_16MHZ                  
000010fe  CALDCO_1MHZ                   
000010fc  CALDCO_8MHZ                   
0000f5d8  ConvertUi8pToUi32             
0000f6aa  CopyInt16Array                
0000f614  CopyUi32ToArray               
00000056  DCOCTL                        
0000f6da  Data_RX                       
00000128  FCTL1                         
0000012a  FCTL2                         
0000012c  FCTL3                         
0000f2da  I2C_Slave_ProcessCMD          
00000208  I2C_State                     
00000000  IE1                           
00000002  IFG1                          
00000204  Number_of_Bytes               
00000022  P1DIR                         
00000025  P1IE                          
00000024  P1IES                         
00000023  P1IFG                         
00000020  P1IN                          
00000021  P1OUT                         
00000027  P1REN                         
00000026  P1SEL                         
00000041  P1SEL2                        
0000002a  P2DIR                         
0000002d  P2IE                          
0000002c  P2IES                         
0000002b  P2IFG                         
00000028  P2IN                          
00000029  P2OUT                         
0000002f  P2REN                         
0000002e  P2SEL                         
00000042  P2SEL2                        
0000021e  REG_ADDRESS                   
0000f3e8  ReadyToTransmitData           
0000f6ba  Reg_RX                        
00000200  SLV_Addr                      
0000f4e4  Setup_USI_Slave               
00000172  TA0CCR0                       
00000174  TA0CCR1                       
00000176  TA0CCR2                       
00000162  TA0CCTL0                      
00000164  TA0CCTL1                      
00000166  TA0CCTL2                      
00000160  TA0CTL                        
0000012e  TA0IV                         
00000170  TA0R                          
000010db  TLV_ADC10_1_LEN               
000010da  TLV_ADC10_1_TAG               
000010c0  TLV_CHECKSUM                  
000010f7  TLV_DCO_30_LEN                
000010f6  TLV_DCO_30_TAG                
0000f58c  TX_Data                       
0000007a  USICCTL                       
0000007a  USICKCTL                      
0000007b  USICNT                        
00000078  USICTL                        
00000078  USICTL0                       
00000079  USICTL1                       
0000007c  USISR                         
0000007d  USISRH                        
0000007c  USISRL                        
0000f000  USI_TXRX                      
00000120  WDTCTL                        
00000300  __STACK_END                   
00000050  __STACK_SIZE                  
0000f73a  __TI_CINIT_Base               
0000f742  __TI_CINIT_Limit              
0000f742  __TI_CINIT_Warm               
0000f730  __TI_Handler_Table_Base       
0000f736  __TI_Handler_Table_Limit      
0000f700  __TI_ISR_TRAP                 
0000f4a2  __TI_auto_init_nobinit_nopinit
0000f36c  __TI_decompress_lzss          
0000f686  __TI_decompress_none          
0000ffe4  __TI_int02                    
0000ffe6  __TI_int03                    
0000ffe8  __TI_int04                    
0000ffea  __TI_int05                    
0000fff0  __TI_int08                    
0000fff2  __TI_int09                    
0000fff4  __TI_int10                    
0000fffc  __TI_int14                    
ffffffff  __TI_pprof_out_hndl           
ffffffff  __TI_prof_data_size           
ffffffff  __TI_prof_data_start          
0000f65e  __TI_zero_init_nomemset       
ffffffff  __c_args__                    
0000f6d6  __mspabi_func_epilog_1        
0000f6d4  __mspabi_func_epilog_2        
0000f6d2  __mspabi_func_epilog_3        
0000f6d0  __mspabi_func_epilog_4        
0000f6ce  __mspabi_func_epilog_5        
0000f6cc  __mspabi_func_epilog_6        
0000f6ca  __mspabi_func_epilog_7        
0000f560  __mspabi_slli                 
0000f588  __mspabi_slli_1               
0000f576  __mspabi_slli_10              
0000f574  __mspabi_slli_11              
0000f572  __mspabi_slli_12              
0000f570  __mspabi_slli_13              
0000f56e  __mspabi_slli_14              
0000f56c  __mspabi_slli_15              
0000f586  __mspabi_slli_2               
0000f584  __mspabi_slli_3               
0000f582  __mspabi_slli_4               
0000f580  __mspabi_slli_5               
0000f57e  __mspabi_slli_6               
0000f57c  __mspabi_slli_7               
0000f57a  __mspabi_slli_8               
0000f578  __mspabi_slli_9               
0000f55a  __mspabi_slll_1               
0000f536  __mspabi_slll_10              
0000f532  __mspabi_slll_11              
0000f52e  __mspabi_slll_12              
0000f52a  __mspabi_slll_13              
0000f526  __mspabi_slll_14              
0000f522  __mspabi_slll_15              
0000f556  __mspabi_slll_2               
0000f552  __mspabi_slll_3               
0000f54e  __mspabi_slll_4               
0000f54a  __mspabi_slll_5               
0000f546  __mspabi_slll_6               
0000f542  __mspabi_slll_7               
0000f53e  __mspabi_slll_8               
0000f53a  __mspabi_slll_9               
0000f456  __mspabi_srli                 
0000f49c  __mspabi_srli_1               
0000f478  __mspabi_srli_10              
0000f474  __mspabi_srli_11              
0000f470  __mspabi_srli_12              
0000f46c  __mspabi_srli_13              
0000f468  __mspabi_srli_14              
0000f464  __mspabi_srli_15              
0000f498  __mspabi_srli_2               
0000f494  __mspabi_srli_3               
0000f490  __mspabi_srli_4               
0000f48c  __mspabi_srli_5               
0000f488  __mspabi_srli_6               
0000f484  __mspabi_srli_7               
0000f480  __mspabi_srli_8               
0000f47c  __mspabi_srli_9               
0000f5f8  _c_int00_noargs               
0000fffe  _reset_vector                 
000002b0  _stack                        
0000f724  _system_post_cinit            
0000f720  _system_pre_init              
0000f708  abort                         
0000021c  command                       
0000f70e  finished_acting_on_received   
0000f714  get_i2c_cmd                   
0000f71a  get_i2c_read_cmd              
0000f6f6  get_sleep_time_ref            
0000f5b4  get_timer_value               
00000206  i2c_read_cmd                  
00000207  i2c_write_cmd                 
0000f220  main                          
0000f698  memcpy                        
0000f672  memset                        
0000021f  resp_var                      
0000f62e  set_i2c_resp_int              
0000f646  set_i2c_resp_ui32             
0000f6e8  sleep_instruction             
00000202  transmit                      
00000205  transmit_index                
0000020a  ui8pIncoming_Buffer           
00000212  ui8pOutgoing_Buffer           


GLOBAL SYMBOLS: SORTED BY Symbol Address 

address   name                          
-------   ----                          
00000000  IE1                           
00000002  IFG1                          
00000020  P1IN                          
00000021  P1OUT                         
00000022  P1DIR                         
00000023  P1IFG                         
00000024  P1IES                         
00000025  P1IE                          
00000026  P1SEL                         
00000027  P1REN                         
00000028  P2IN                          
00000029  P2OUT                         
0000002a  P2DIR                         
0000002b  P2IFG                         
0000002c  P2IES                         
0000002d  P2IE                          
0000002e  P2SEL                         
0000002f  P2REN                         
00000041  P1SEL2                        
00000042  P2SEL2                        
00000048  ADC10DTC0                     
00000049  ADC10DTC1                     
0000004a  ADC10AE0                      
00000050  __STACK_SIZE                  
00000053  BCSCTL3                       
00000056  DCOCTL                        
00000057  BCSCTL1                       
00000058  BCSCTL2                       
00000078  USICTL                        
00000078  USICTL0                       
00000079  USICTL1                       
0000007a  USICCTL                       
0000007a  USICKCTL                      
0000007b  USICNT                        
0000007c  USISR                         
0000007c  USISRL                        
0000007d  USISRH                        
00000120  WDTCTL                        
00000128  FCTL1                         
0000012a  FCTL2                         
0000012c  FCTL3                         
0000012e  TA0IV                         
00000160  TA0CTL                        
00000162  TA0CCTL0                      
00000164  TA0CCTL1                      
00000166  TA0CCTL2                      
00000170  TA0R                          
00000172  TA0CCR0                       
00000174  TA0CCR1                       
00000176  TA0CCR2                       
000001b0  ADC10CTL0                     
000001b2  ADC10CTL1                     
000001b4  ADC10MEM                      
000001bc  ADC10SA                       
00000200  SLV_Addr                      
00000202  transmit                      
00000204  Number_of_Bytes               
00000205  transmit_index                
00000206  i2c_read_cmd                  
00000207  i2c_write_cmd                 
00000208  I2C_State                     
0000020a  ui8pIncoming_Buffer           
00000212  ui8pOutgoing_Buffer           
0000021a  Bytecount                     
0000021c  command                       
0000021e  REG_ADDRESS                   
0000021f  resp_var                      
000002b0  _stack                        
00000300  __STACK_END                   
000010c0  TLV_CHECKSUM                  
000010da  TLV_ADC10_1_TAG               
000010db  TLV_ADC10_1_LEN               
000010f6  TLV_DCO_30_TAG                
000010f7  TLV_DCO_30_LEN                
000010f8  CALDCO_16MHZ                  
000010f9  CALBC1_16MHZ                  
000010fa  CALDCO_12MHZ                  
000010fb  CALBC1_12MHZ                  
000010fc  CALDCO_8MHZ                   
000010fd  CALBC1_8MHZ                   
000010fe  CALDCO_1MHZ                   
000010ff  CALBC1_1MHZ                   
0000f000  USI_TXRX                      
0000f220  main                          
0000f2da  I2C_Slave_ProcessCMD          
0000f36c  __TI_decompress_lzss          
0000f3e8  ReadyToTransmitData           
0000f456  __mspabi_srli                 
0000f464  __mspabi_srli_15              
0000f468  __mspabi_srli_14              
0000f46c  __mspabi_srli_13              
0000f470  __mspabi_srli_12              
0000f474  __mspabi_srli_11              
0000f478  __mspabi_srli_10              
0000f47c  __mspabi_srli_9               
0000f480  __mspabi_srli_8               
0000f484  __mspabi_srli_7               
0000f488  __mspabi_srli_6               
0000f48c  __mspabi_srli_5               
0000f490  __mspabi_srli_4               
0000f494  __mspabi_srli_3               
0000f498  __mspabi_srli_2               
0000f49c  __mspabi_srli_1               
0000f4a2  __TI_auto_init_nobinit_nopinit
0000f4e4  Setup_USI_Slave               
0000f522  __mspabi_slll_15              
0000f526  __mspabi_slll_14              
0000f52a  __mspabi_slll_13              
0000f52e  __mspabi_slll_12              
0000f532  __mspabi_slll_11              
0000f536  __mspabi_slll_10              
0000f53a  __mspabi_slll_9               
0000f53e  __mspabi_slll_8               
0000f542  __mspabi_slll_7               
0000f546  __mspabi_slll_6               
0000f54a  __mspabi_slll_5               
0000f54e  __mspabi_slll_4               
0000f552  __mspabi_slll_3               
0000f556  __mspabi_slll_2               
0000f55a  __mspabi_slll_1               
0000f560  __mspabi_slli                 
0000f56c  __mspabi_slli_15              
0000f56e  __mspabi_slli_14              
0000f570  __mspabi_slli_13              
0000f572  __mspabi_slli_12              
0000f574  __mspabi_slli_11              
0000f576  __mspabi_slli_10              
0000f578  __mspabi_slli_9               
0000f57a  __mspabi_slli_8               
0000f57c  __mspabi_slli_7               
0000f57e  __mspabi_slli_6               
0000f580  __mspabi_slli_5               
0000f582  __mspabi_slli_4               
0000f584  __mspabi_slli_3               
0000f586  __mspabi_slli_2               
0000f588  __mspabi_slli_1               
0000f58c  TX_Data                       
0000f5b4  get_timer_value               
0000f5d8  ConvertUi8pToUi32             
0000f5f8  _c_int00_noargs               
0000f614  CopyUi32ToArray               
0000f62e  set_i2c_resp_int              
0000f646  set_i2c_resp_ui32             
0000f65e  __TI_zero_init_nomemset       
0000f672  memset                        
0000f686  __TI_decompress_none          
0000f698  memcpy                        
0000f6aa  CopyInt16Array                
0000f6ba  Reg_RX                        
0000f6ca  __mspabi_func_epilog_7        
0000f6cc  __mspabi_func_epilog_6        
0000f6ce  __mspabi_func_epilog_5        
0000f6d0  __mspabi_func_epilog_4        
0000f6d2  __mspabi_func_epilog_3        
0000f6d4  __mspabi_func_epilog_2        
0000f6d6  __mspabi_func_epilog_1        
0000f6da  Data_RX                       
0000f6e8  sleep_instruction             
0000f6f6  get_sleep_time_ref            
0000f700  __TI_ISR_TRAP                 
0000f708  C$$EXIT                       
0000f708  abort                         
0000f70e  finished_acting_on_received   
0000f714  get_i2c_cmd                   
0000f71a  get_i2c_read_cmd              
0000f720  _system_pre_init              
0000f724  _system_post_cinit            
0000f730  __TI_Handler_Table_Base       
0000f736  __TI_Handler_Table_Limit      
0000f73a  __TI_CINIT_Base               
0000f742  __TI_CINIT_Limit              
0000f742  __TI_CINIT_Warm               
0000ffe4  __TI_int02                    
0000ffe6  __TI_int03                    
0000ffe8  __TI_int04                    
0000ffea  __TI_int05                    
0000fff0  __TI_int08                    
0000fff2  __TI_int09                    
0000fff4  __TI_int10                    
0000fffc  __TI_int14                    
0000fffe  _reset_vector                 
ffffffff  __TI_pprof_out_hndl           
ffffffff  __TI_prof_data_size           
ffffffff  __TI_prof_data_start          
ffffffff  __c_args__                    

[185 symbols]
